2026-05-21 00:05:30 [INFO] ConftestSetup: Initializing Selenium WebDriver instance processes...
2026-05-21 00:05:50 [INFO] ConftestSetup: Chrome WebDriver runtime instance configuration completed.
2026-05-21 00:05:50 [INFO] ResultsSuite: ======================= STARTING PHASE 2 RESULTS FLOW =======================
2026-05-21 00:06:05 [INFO] HomePage: Scanning layout for promotional modal window elements...
2026-05-21 00:06:22 [INFO] HomePage: Waiting for hotel listing page layout cards to finish rendering on screen...
2026-05-21 00:06:26 [INFO] HomePage: Applying standard '5 Star' accommodation quality score selection matrix filters...
2026-05-21 00:06:28 [INFO] HomePage: 5 Star properties query parameter rules applied successfully via JS callback execution.
2026-05-21 00:06:32 [INFO] HomePage: Screenshot successfully logged onto target path reference location: C:\Users\DELL\OneDrive\Desktop\wipro capstone\Makemytrip\screenshots\Five_Star_Filter_Applied_000632.png
2026-05-21 00:06:32 [INFO] HotelDetailsPage: Extracting the primary choice hotel selection card details...
2026-05-21 00:06:32 [INFO] HotelDetailsPage: Scanning layout for promotional dialog overlay frames...
2026-05-21 00:06:50 [ERROR] HotelDetailsPage: Target listing presentation element could not be selected: Message: 
Stacktrace:
	chromedriver!GetHandleVerifier [0x7ff68fe87de5+14895]
	chromedriver!GetHandleVerifier [0x7ff68fe87e50+14900]
	chromedriver!(No symbol) [0x7ff68fbed5ad]
	chromedriver!(No symbol) [0x7ff68fc47822]
	chromedriver!(No symbol) [0x7ff68fc47b2c]
	chromedriver!(No symbol) [0x7ff68fc97d17]
	chromedriver!(No symbol) [0x7ff68fc9486f]
	chromedriver!(No symbol) [0x7ff68fc39df8]
	chromedriver!(No symbol) [0x7ff68fc3ace3]
	chromedriver!GetHandleVerifier [0x7ff69019cc49+3296f9]
	chromedriver!GetHandleVerifier [0x7ff690197375+323e25]
	chromedriver!GetHandleVerifier [0x7ff6901bbc82+348732]
	chromedriver!GetHandleVerifier [0x7ff68fea6045+32af5]
	chromedriver!GetHandleVerifier [0x7ff68feaecec+3b79c]
	chromedriver!GetHandleVerifier [0x7ff68fe91bc4+1e674]
	chromedriver!GetHandleVerifier [0x7ff68fe91d54+1e804]
	chromedriver!GetHandleVerifier [0x7ff68fe760e7+2b97]
	KERNEL32!BaseThreadInitThunk [0x7ffc56aa7374+14]
	ntdll!RtlUserThreadStart [0x7ffc57cbcc91+21]

2026-05-21 00:06:51 [INFO] HotelDetailsPage: Screenshot successfully logged onto target path reference location: C:\Users\DELL\OneDrive\Desktop\wipro capstone\Makemytrip\screenshots\Failed_Hotel_Card_Selection_000650.png
2026-05-21 00:06:55 [INFO] ConftestSetup: Tearing down execution context workspace framework profiles...
2026-05-21 00:06:57 [INFO] ConftestSetup: WebDriver window session context terminated safely.
2026-05-21 00:12:15 [INFO] ConftestSetup: Initializing Selenium WebDriver instance processes...
2026-05-21 00:12:20 [INFO] ConftestSetup: Chrome WebDriver runtime instance configuration completed.
2026-05-21 00:12:20 [INFO] ResultsSuite: ======================= STARTING PHASE 2 RESULTS FLOW =======================
2026-05-21 00:12:28 [INFO] HotelDetailsPage: Applying '5 Star' accommodation quality filter on the results page...
2026-05-21 00:12:28 [ERROR] HotelDetailsPage: Failed to locate or click the 5 Star filter option: Message: invalid selector: Unable to locate an element with the xpath expression //span[@data-testid='checkboxFilter' and contains(., '5 Star')] | //label[contains(., '5 Star')] | //input[@type='checkbox' and follow-sibling::span[contains(text(), '5 Star')]] | //span[text()='5 Star'] because of the following error:
SyntaxError: Failed to execute 'evaluate' on 'Document': The string '//span[@data-testid='checkboxFilter' and contains(., '5 Star')] | //label[contains(., '5 Star')] | //input[@type='checkbox' and follow-sibling::span[contains(text(), '5 Star')]] | //span[text()='5 Star']' is not a valid XPath expression.
  (Session info: chrome=148.0.7778.169); For documentation on this error, please visit: https://www.selenium.dev/documentation/webdriver/troubleshooting/errors#invalidselectorexception
Stacktrace:
	chromedriver!GetHandleVerifier [0x7ff7953b7de5+14895]
	chromedriver!GetHandleVerifier [0x7ff7953b7e50+14900]
	chromedriver!(No symbol) [0x7ff79511d5ad]
	chromedriver!(No symbol) [0x7ff795125521]
	chromedriver!(No symbol) [0x7ff7951285e5]
	chromedriver!(No symbol) [0x7ff7951286af]
	chromedriver!(No symbol) [0x7ff795176f9e]
	chromedriver!(No symbol) [0x7ff795177b2c]
	chromedriver!(No symbol) [0x7ff7951c7d17]
	chromedriver!(No symbol) [0x7ff7951c486f]
	chromedriver!(No symbol) [0x7ff795169df8]
	chromedriver!(No symbol) [0x7ff79516ace3]
	chromedriver!GetHandleVerifier [0x7ff7956ccc49+3296f9]
	chromedriver!GetHandleVerifier [0x7ff7956c7375+323e25]
	chromedriver!GetHandleVerifier [0x7ff7956ebc82+348732]
	chromedriver!GetHandleVerifier [0x7ff7953d6045+32af5]
	chromedriver!GetHandleVerifier [0x7ff7953decec+3b79c]
	chromedriver!GetHandleVerifier [0x7ff7953c1bc4+1e674]
	chromedriver!GetHandleVerifier [0x7ff7953c1d54+1e804]
	chromedriver!GetHandleVerifier [0x7ff7953a60e7+2b97]
	KERNEL32!BaseThreadInitThunk [0x7ffc56aa7374+14]
	ntdll!RtlUserThreadStart [0x7ffc57cbcc91+21]

2026-05-21 00:12:28 [INFO] HotelDetailsPage: Screenshot successfully logged onto target path reference location: C:\Users\DELL\OneDrive\Desktop\wipro capstone\Makemytrip\screenshots\Failed_Filter_Application_001228.png
2026-05-21 00:12:31 [INFO] ConftestSetup: Tearing down execution context workspace framework profiles...
2026-05-21 00:12:33 [INFO] ConftestSetup: WebDriver window session context terminated safely.
2026-05-21 00:16:51 [INFO] ConftestSetup: Initializing Selenium WebDriver instance processes...
2026-05-21 00:17:02 [INFO] ConftestSetup: Chrome WebDriver runtime instance configuration completed.
2026-05-21 00:17:02 [INFO] ResultsSuite: ======================= STARTING PHASE 2 RESULTS FLOW =======================
2026-05-21 00:17:14 [INFO] HotelDetailsPage: Extracting the primary choice hotel selection card details...
2026-05-21 00:17:19 [INFO] HotelDetailsPage: Primary premium option listing card clicked successfully.
2026-05-21 00:17:23 [INFO] HotelDetailsPage: Detecting active window tabs to locate hotel details screen...
2026-05-21 00:17:23 [INFO] HotelDetailsPage: Swapped driver session over to details window tab layout workspace. Active URL: https://www.makemytrip.com/hotels/hotel-details/?hotelId=201711291734271516&_uCurrency=INR&checkin=05272026&checkout=05302026&city=CTBAL9d5bd6c3&country=IDN&lat=-8.704&lng=115.18162&locusId=CTBAL9d5bd6c3&locusType=city&rank=1&roomStayQualifier=2e0e&searchText=Bali&mtkeys=undefined
2026-05-21 00:18:29 [ERROR] HotelDetailsPage: Failed to complete the booking workflow on the details subscreen: Could not find the 'BOOK NOW' button on the hotel details tab.
2026-05-21 00:18:29 [INFO] HotelDetailsPage: Screenshot successfully logged onto target path reference location: C:\Users\DELL\OneDrive\Desktop\wipro capstone\Makemytrip\screenshots\Book_Now_Failure_Captured_001829.png
2026-05-21 00:18:32 [INFO] ConftestSetup: Tearing down execution context workspace framework profiles...
2026-05-21 00:18:50 [INFO] ConftestSetup: WebDriver window session context terminated safely.
2026-05-21 00:22:53 [INFO] ConftestSetup: Initializing Selenium WebDriver instance processes...
2026-05-21 00:22:59 [INFO] ConftestSetup: Chrome WebDriver runtime instance configuration completed.
2026-05-21 00:22:59 [INFO] ResultsSuite: ======================= STARTING PHASE 2 RESULTS FLOW =======================
2026-05-21 00:23:04 [INFO] HotelDetailsPage: Checking for blocking promotional overlay modals...
2026-05-21 00:23:08 [INFO] HotelDetailsPage: No active promotional block overlay detected on view matrix.
2026-05-21 00:23:08 [INFO] HotelDetailsPage: Locating primary target hotel card component on result grid...
2026-05-21 00:23:10 [ERROR] HotelDetailsPage: Failed to extract and capture page layout snapshot sequence: Message: invalid session id; For documentation on this error, please visit: https://www.selenium.dev/documentation/webdriver/troubleshooting/errors#invalidsessionidexception
Stacktrace:
	chromedriver!GetHandleVerifier [0x7ff670f57de5+14895]
	chromedriver!GetHandleVerifier [0x7ff670f57e50+14900]
	chromedriver!(No symbol) [0x7ff670cbd396]
	chromedriver!(No symbol) [0x7ff670d08e76]
	chromedriver!(No symbol) [0x7ff670d3ff62]
	chromedriver!(No symbol) [0x7ff670d39d7f]
	chromedriver!(No symbol) [0x7ff670d39543]
	chromedriver!(No symbol) [0x7ff670c86325]
	chromedriver!GetHandleVerifier [0x7ff67126cc49+3296f9]
	chromedriver!GetHandleVerifier [0x7ff671267375+323e25]
	chromedriver!GetHandleVerifier [0x7ff67128bc82+348732]
	chromedriver!GetHandleVerifier [0x7ff670f76045+32af5]
	chromedriver!GetHandleVerifier [0x7ff670f7ecec+3b79c]
	chromedriver!(No symbol) [0x7ff670c850bc]
	chromedriver!GetHandleVerifier [0x7ff6713d0b18+48d5c8]
	KERNEL32!BaseThreadInitThunk [0x7ffc56aa7374+14]
	ntdll!RtlUserThreadStart [0x7ffc57cbcc91+21]

2026-05-21 00:23:12 [INFO] ConftestSetup: Tearing down execution context workspace framework profiles...
2026-05-21 00:23:14 [INFO] ConftestSetup: WebDriver window session context terminated safely.
2026-05-21 00:25:23 [INFO] ConftestSetup: Initializing Selenium WebDriver instance processes...
2026-05-21 00:25:28 [INFO] ConftestSetup: Chrome WebDriver runtime instance configuration completed.
2026-05-21 00:25:28 [INFO] ResultsSuite: ======================= STARTING PHASE 2 RESULTS FLOW =======================
2026-05-21 00:25:35 [INFO] HotelDetailsPage: Checking for blocking promotional overlay modals...
2026-05-21 00:25:39 [INFO] HotelDetailsPage: No active promotional block overlay detected on view matrix.
2026-05-21 00:25:39 [INFO] HotelDetailsPage: Locating primary target hotel card component on result grid...
2026-05-21 00:25:39 [INFO] HotelDetailsPage: Checking for blocking promotional overlay modals...
2026-05-21 00:25:43 [INFO] HotelDetailsPage: No active promotional block overlay detected on view matrix.
2026-05-21 00:25:45 [INFO] HotelDetailsPage: Checking for blocking promotional overlay modals...
2026-05-21 00:25:48 [INFO] HotelDetailsPage: No active promotional block overlay detected on view matrix.
2026-05-21 00:25:49 [INFO] HotelDetailsPage: Checking for blocking promotional overlay modals...
2026-05-21 00:25:52 [INFO] HotelDetailsPage: No active promotional block overlay detected on view matrix.
2026-05-21 00:25:54 [INFO] HotelDetailsPage: Screenshot successfully logged onto target path reference location: C:\Users\DELL\OneDrive\Desktop\wipro capstone\Makemytrip\screenshots\Hotel_Card_Not_Found_002554.png
2026-05-21 00:25:58 [INFO] ConftestSetup: Tearing down execution context workspace framework profiles...
2026-05-21 00:26:06 [INFO] ConftestSetup: WebDriver window session context terminated safely.
2026-05-21 00:29:07 [INFO] ResultsSuite: ======================= STARTING PHASE 2 RESULTS FLOW =======================
2026-05-21 00:29:16 [INFO] HotelDetailsPage: Locating primary target hotel card component on result grid...
2026-05-21 00:29:23 [INFO] HotelDetailsPage: Popup handler encountered an expected break condition: Message: invalid session id: session deleted as the browser has closed the connection
from disconnected: not connected to DevTools
  (Session info: chrome=148.0.7778.169); For documentation on this error, please visit: https://www.selenium.dev/documentation/webdriver/troubleshooting/errors#invalidsessionidexception
Stacktrace:
	chromedriver!GetHandleVerifier [0x7ff6389a7de5+14895]
	chromedriver!GetHandleVerifier [0x7ff6389a7e50+14900]
	chromedriver!(No symbol) [0x7ff63870d5ad]
	chromedriver!(No symbol) [0x7ff6386f8a92]
	chromedriver!(No symbol) [0x7ff63871ee6c]
	chromedriver!(No symbol) [0x7ff6387971b0]
	chromedriver!(No symbol) [0x7ff6387b4172]
	chromedriver!(No symbol) [0x7ff638759df8]
	chromedriver!(No symbol) [0x7ff63875ace3]
	chromedriver!GetHandleVerifier [0x7ff638cbcc49+3296f9]
	chromedriver!GetHandleVerifier [0x7ff638cb7375+323e25]
	chromedriver!GetHandleVerifier [0x7ff638cdbc82+348732]
	chromedriver!GetHandleVerifier [0x7ff6389c6045+32af5]
	chromedriver!GetHandleVerifier [0x7ff6389cecec+3b79c]
	chromedriver!GetHandleVerifier [0x7ff6389b1bc4+1e674]
	chromedriver!GetHandleVerifier [0x7ff6389b1d54+1e804]
	chromedriver!GetHandleVerifier [0x7ff6389960e7+2b97]
	KERNEL32!BaseThreadInitThunk [0x7ffc56aa7374+14]
	ntdll!RtlUserThreadStart [0x7ffc57cbcc91+21]

2026-05-21 00:29:27 [INFO] HotelDetailsPage: Popup handler encountered an expected break condition: Message: invalid session id; For documentation on this error, please visit: https://www.selenium.dev/documentation/webdriver/troubleshooting/errors#invalidsessionidexception
Stacktrace:
	chromedriver!GetHandleVerifier [0x7ff6389a7de5+14895]
	chromedriver!GetHandleVerifier [0x7ff6389a7e50+14900]
	chromedriver!(No symbol) [0x7ff63870d396]
	chromedriver!(No symbol) [0x7ff638758e76]
	chromedriver!(No symbol) [0x7ff63878ff62]
	chromedriver!(No symbol) [0x7ff638789d7f]
	chromedriver!(No symbol) [0x7ff638789543]
	chromedriver!(No symbol) [0x7ff6386d6325]
	chromedriver!GetHandleVerifier [0x7ff638cbcc49+3296f9]
	chromedriver!GetHandleVerifier [0x7ff638cb7375+323e25]
	chromedriver!GetHandleVerifier [0x7ff638cdbc82+348732]
	chromedriver!GetHandleVerifier [0x7ff6389c6045+32af5]
	chromedriver!GetHandleVerifier [0x7ff6389cecec+3b79c]
	chromedriver!(No symbol) [0x7ff6386d50bc]
	chromedriver!GetHandleVerifier [0x7ff638e20b18+48d5c8]
	KERNEL32!BaseThreadInitThunk [0x7ffc56aa7374+14]
	ntdll!RtlUserThreadStart [0x7ffc57cbcc91+21]

2026-05-21 00:29:28 [ERROR] HotelDetailsPage: Failed to extract and capture page layout snapshot sequence: Message: invalid session id; For documentation on this error, please visit: https://www.selenium.dev/documentation/webdriver/troubleshooting/errors#invalidsessionidexception
Stacktrace:
	chromedriver!GetHandleVerifier [0x7ff6389a7de5+14895]
	chromedriver!GetHandleVerifier [0x7ff6389a7e50+14900]
	chromedriver!(No symbol) [0x7ff63870d396]
	chromedriver!(No symbol) [0x7ff638758e76]
	chromedriver!(No symbol) [0x7ff63878ff62]
	chromedriver!(No symbol) [0x7ff638789d7f]
	chromedriver!(No symbol) [0x7ff638789543]
	chromedriver!(No symbol) [0x7ff6386d6325]
	chromedriver!GetHandleVerifier [0x7ff638cbcc49+3296f9]
	chromedriver!GetHandleVerifier [0x7ff638cb7375+323e25]
	chromedriver!GetHandleVerifier [0x7ff638cdbc82+348732]
	chromedriver!GetHandleVerifier [0x7ff6389c6045+32af5]
	chromedriver!GetHandleVerifier [0x7ff6389cecec+3b79c]
	chromedriver!(No symbol) [0x7ff6386d50bc]
	chromedriver!GetHandleVerifier [0x7ff638e20b18+48d5c8]
	KERNEL32!BaseThreadInitThunk [0x7ffc56aa7374+14]
	ntdll!RtlUserThreadStart [0x7ffc57cbcc91+21]

2026-05-21 00:35:37 [INFO] ResultsSuite: ======================= STARTING PHASE 2 RESULTS FLOW =======================
2026-05-21 00:35:45 [INFO] HotelDetailsPage: Locating target hotel node structure inside the listing grid...
2026-05-21 00:35:53 [WARNING] HotelDetailsPage: Primary structural match delayed; attempting textual element extraction fallback...
2026-05-21 00:35:54 [INFO] HotelDetailsPage: Screenshot successfully logged onto target path reference location: C:\Users\DELL\OneDrive\Desktop\wipro capstone\Makemytrip\screenshots\DOM_Grid_Missing_Error_003553.png
2026-05-21 00:42:00 [INFO] ResultsSuite: ======================= STARTING PHASE 2 RESULTS FLOW =======================
2026-05-21 00:42:08 [INFO] HotelDetailsPage: Scanning DOM tree structure layout matrix for primary hotel choice element...
2026-05-21 00:42:21 [ERROR] HotelDetailsPage: Failed to extract and capture page layout snapshot sequence: Message: invalid session id; For documentation on this error, please visit: https://www.selenium.dev/documentation/webdriver/troubleshooting/errors#invalidsessionidexception
Stacktrace:
	chromedriver!GetHandleVerifier [0x7ff704b37de5+14895]
	chromedriver!GetHandleVerifier [0x7ff704b37e50+14900]
	chromedriver!(No symbol) [0x7ff70489d396]
	chromedriver!(No symbol) [0x7ff7048e8e76]
	chromedriver!(No symbol) [0x7ff70491ff62]
	chromedriver!(No symbol) [0x7ff704919d7f]
	chromedriver!(No symbol) [0x7ff704919543]
	chromedriver!(No symbol) [0x7ff704866325]
	chromedriver!GetHandleVerifier [0x7ff704e4cc49+3296f9]
	chromedriver!GetHandleVerifier [0x7ff704e47375+323e25]
	chromedriver!GetHandleVerifier [0x7ff704e6bc82+348732]
	chromedriver!GetHandleVerifier [0x7ff704b56045+32af5]
	chromedriver!GetHandleVerifier [0x7ff704b5ecec+3b79c]
	chromedriver!(No symbol) [0x7ff7048650bc]
	chromedriver!GetHandleVerifier [0x7ff704fb0b18+48d5c8]
	KERNEL32!BaseThreadInitThunk [0x7ffc56aa7374+14]
	ntdll!RtlUserThreadStart [0x7ffc57cbcc91+21]

2026-05-21 00:49:30 [INFO] ResultsSuite: ======================= STARTING PHASE 2 RESULTS FLOW =======================
2026-05-21 00:49:38 [INFO] HotelDetailsPage: Scanning DOM tree structure layout matrix for primary hotel choice element...
2026-05-21 00:49:51 [INFO] HotelDetailsPage: Screenshot successfully logged onto target path reference location: C:\Users\DELL\OneDrive\Desktop\wipro capstone\Makemytrip\screenshots\Failed_To_Find_Hotel_Card_004951.png
2026-05-21 00:54:26 [INFO] ResultsSuite: ======================= STARTING PHASE 2 RESULTS FLOW =======================
2026-05-21 00:54:26 [INFO] ResultsSuite: Navigating to home page to establish authentic session context...
2026-05-21 00:54:30 [INFO] ResultsSuite: Loading destination results page with established tracking context...
