2026-05-20 23:28:12 [INFO] ConftestSetup: Initializing Selenium WebDriver instance processes...
2026-05-20 23:28:18 [INFO] ConftestSetup: Chrome WebDriver runtime instance configuration completed.
2026-05-20 23:28:18 [INFO] TestSuite: ======================= STARTING AUTOMATION FLOW SEQUENCE =======================
2026-05-20 23:28:18 [INFO] TestSuite: Spinning up active browser instance window and pulling location: https://www.makemytrip.com/
2026-05-20 23:28:22 [INFO] HomePage: Checking for the presence of the authentication intercept overlay frame...
2026-05-20 23:28:28 [INFO] HomePage: Authentication layout modal dismissed successfully.
2026-05-20 23:28:30 [INFO] HomePage: Navigating explicitly into the MakeMyTrip Hotels workspace panel module...
2026-05-20 23:28:31 [INFO] HomePage: Screenshot successfully logged onto target path reference location: C:\Users\DELL\OneDrive\Desktop\wipro capstone\Makemytrip\screenshots\Hotels_Module_Loaded_232830.png
2026-05-20 23:28:31 [INFO] HomePage: Opening query selection widget and inputting location details: Bali
2026-05-20 23:28:40 [INFO] HomePage: Successfully selected destination choice parameter option for: Bali
2026-05-20 23:28:40 [INFO] HomePage: Pinning check-in calendar grid coordinates target date: May 27, 2026
2026-05-20 23:28:41 [INFO] HomePage: Native check-in click intercepted by overlay. Executing JavaScript fallback...
2026-05-20 23:28:42 [INFO] HomePage: Pinning check-out calendar grid coordinates target date: May 30, 2026
2026-05-20 23:28:44 [INFO] HomePage: Screenshot successfully logged onto target path reference location: C:\Users\DELL\OneDrive\Desktop\wipro capstone\Makemytrip\screenshots\Calendar_Dates_Selected_232843.png
2026-05-20 23:28:44 [INFO] HomePage: Validating guest matrix dimensions drawer and applying selection states...
2026-05-20 23:28:45 [WARNING] HomePage: Guest drawer interactions processed via default inline states: Message: element click intercepted: Element is not clickable at point (950, 704)
  (Session info: chrome=148.0.7778.169); For documentation on this error, please visit: https://www.selenium.dev/documentation/webdriver/troubleshooting/errors#elementclickinterceptedexception
Stacktrace:
	chromedriver!GetHandleVerifier [0x7ff6b5427de5+14895]
	chromedriver!GetHandleVerifier [0x7ff6b5427e50+14900]
	chromedriver!(No symbol) [0x7ff6b518d5ad]
	chromedriver!(No symbol) [0x7ff6b51ef3b5]
	chromedriver!(No symbol) [0x7ff6b51ecfca]
	chromedriver!(No symbol) [0x7ff6b51ea307]
	chromedriver!(No symbol) [0x7ff6b51e91b7]
	chromedriver!(No symbol) [0x7ff6b51dbce6]
	chromedriver!(No symbol) [0x7ff6b521005a]
	chromedriver!(No symbol) [0x7ff6b51db566]
	chromedriver!(No symbol) [0x7ff6b523486f]
	chromedriver!(No symbol) [0x7ff6b51d9df8]
	chromedriver!(No symbol) [0x7ff6b51dace3]
	chromedriver!GetHandleVerifier [0x7ff6b573cc49+3296f9]
	chromedriver!GetHandleVerifier [0x7ff6b5737375+323e25]
	chromedriver!GetHandleVerifier [0x7ff6b575bc82+348732]
	chromedriver!GetHandleVerifier [0x7ff6b5446045+32af5]
	chromedriver!GetHandleVerifier [0x7ff6b544ecec+3b79c]
	chromedriver!GetHandleVerifier [0x7ff6b5431bc4+1e674]
	chromedriver!GetHandleVerifier [0x7ff6b5431d54+1e804]
	chromedriver!GetHandleVerifier [0x7ff6b54160e7+2b97]
	KERNEL32!BaseThreadInitThunk [0x7ffc56aa7374+14]
	ntdll!RtlUserThreadStart [0x7ffc57cbcc91+21]

2026-05-20 23:28:45 [INFO] HomePage: Submitting query information criteria parameters to initialize compilation workflow execution...
2026-05-20 23:28:50 [INFO] HomePage: Captured current address path query parameters string: https://www.makemytrip.com/hotels/hotel-listing/?checkin=05272026&city=CTBAL9d5bd6c3&checkout=05302026&roomStayQualifier=2e0e&locusId=CTBAL9d5bd6c3&country=IDN&locusType=city&searchText=Bali&regionNearByExp=3&rsc=1e2e0e
2026-05-20 23:28:50 [INFO] HomePage: Screenshot successfully logged onto target path reference location: C:\Users\DELL\OneDrive\Desktop\wipro capstone\Makemytrip\screenshots\Search_Submission_200_OK_State_232850.png
2026-05-20 23:28:50 [INFO] HomePage: Executing URL direct-load escape bypass sequence to dodge direct raw API rendering faults...
2026-05-20 23:28:57 [INFO] HomePage: Scanning layout for promotional modal window elements...
2026-05-20 23:29:14 [INFO] HomePage: Applying standard '5 Star' accommodation quality score selection matrix filters...
2026-05-20 23:29:29 [ERROR] HomePage: Failed to locate or check target rating filter components: Message: 
Stacktrace:
	chromedriver!GetHandleVerifier [0x7ff6b5427de5+14895]
	chromedriver!GetHandleVerifier [0x7ff6b5427e50+14900]
	chromedriver!(No symbol) [0x7ff6b518d5ad]
	chromedriver!(No symbol) [0x7ff6b51e7822]
	chromedriver!(No symbol) [0x7ff6b51e7b2c]
	chromedriver!(No symbol) [0x7ff6b5237d17]
	chromedriver!(No symbol) [0x7ff6b523486f]
	chromedriver!(No symbol) [0x7ff6b51d9df8]
	chromedriver!(No symbol) [0x7ff6b51dace3]
	chromedriver!GetHandleVerifier [0x7ff6b573cc49+3296f9]
	chromedriver!GetHandleVerifier [0x7ff6b5737375+323e25]
	chromedriver!GetHandleVerifier [0x7ff6b575bc82+348732]
	chromedriver!GetHandleVerifier [0x7ff6b5446045+32af5]
	chromedriver!GetHandleVerifier [0x7ff6b544ecec+3b79c]
	chromedriver!GetHandleVerifier [0x7ff6b5431bc4+1e674]
	chromedriver!GetHandleVerifier [0x7ff6b5431d54+1e804]
	chromedriver!GetHandleVerifier [0x7ff6b54160e7+2b97]
	KERNEL32!BaseThreadInitThunk [0x7ffc56aa7374+14]
	ntdll!RtlUserThreadStart [0x7ffc57cbcc91+21]

2026-05-20 23:29:33 [INFO] ConftestSetup: Tearing down execution context workspace framework profiles...
2026-05-20 23:30:19 [INFO] ConftestSetup: WebDriver window session context terminated safely.
2026-05-20 23:37:29 [INFO] ConftestSetup: Initializing Selenium WebDriver instance processes...
2026-05-20 23:37:34 [INFO] ConftestSetup: Chrome WebDriver runtime instance configuration completed.
2026-05-20 23:37:34 [INFO] TestSuite: ======================= STARTING PHASE 1 HOMEPAGE FLOW =======================
2026-05-20 23:37:36 [INFO] HomePage: Checking for the presence of the authentication intercept overlay frame...
2026-05-20 23:37:39 [INFO] HomePage: Navigating explicitly into the MakeMyTrip Hotels workspace panel module...
2026-05-20 23:37:43 [INFO] ConftestSetup: Tearing down execution context workspace framework profiles...
2026-05-20 23:37:45 [INFO] ConftestSetup: WebDriver window session context terminated safely.
2026-05-20 23:44:08 [INFO] ConftestSetup: Initializing Selenium WebDriver instance processes...
2026-05-20 23:44:12 [INFO] ConftestSetup: Chrome WebDriver runtime instance configuration completed.
2026-05-20 23:44:12 [INFO] TestSuite: ======================= STARTING PHASE 1 HOMEPAGE FLOW =======================
2026-05-20 23:44:13 [INFO] HomePage: Checking for the presence of the authentication intercept overlay frame...
2026-05-20 23:44:29 [INFO] HomePage: Authentication layout modal dismissed successfully.
2026-05-20 23:44:30 [INFO] HomePage: Navigating explicitly into the MakeMyTrip Hotels workspace panel module...
2026-05-20 23:44:32 [INFO] HomePage: Screenshot successfully logged onto target path reference location: C:\Users\DELL\OneDrive\Desktop\wipro capstone\Makemytrip\screenshots\Hotels_Module_Loaded_234431.png
2026-05-20 23:44:32 [INFO] HomePage: Opening query selection widget and inputting location details: Bali
2026-05-20 23:44:34 [INFO] ConftestSetup: Tearing down execution context workspace framework profiles...
2026-05-20 23:44:41 [INFO] ConftestSetup: WebDriver window session context terminated safely.
2026-05-20 23:48:18 [INFO] ConftestSetup: Initializing Selenium WebDriver instance processes...
2026-05-20 23:48:24 [INFO] ConftestSetup: Chrome WebDriver runtime instance configuration completed.
2026-05-20 23:48:24 [INFO] TestSuite: ======================= STARTING PHASE 1 HOMEPAGE FLOW =======================
2026-05-20 23:48:25 [INFO] HomePage: Checking for the presence of the authentication intercept overlay frame...
2026-05-20 23:48:32 [INFO] HomePage: Navigating explicitly into the MakeMyTrip Hotels workspace panel module...
2026-05-20 23:48:33 [INFO] ConftestSetup: Tearing down execution context workspace framework profiles...
2026-05-20 23:48:35 [INFO] ConftestSetup: WebDriver window session context terminated safely.
2026-05-20 23:55:07 [INFO] ConftestSetup: Initializing Selenium WebDriver instance processes...
2026-05-20 23:55:12 [INFO] ConftestSetup: Chrome WebDriver runtime instance configuration completed.
2026-05-20 23:55:12 [INFO] ResultsSuite: ======================= STARTING PHASE 2 RESULTS FLOW =======================
2026-05-20 23:55:12 [INFO] ResultsSuite: Injecting browser session directly into target layout grid: https://www.makemytrip.com/hotels/hotel-listing/?checkin=05272026&city=CTBAL9d5bd6c3&checkout=05302026&roomStayQualifier=2e0e&locusId=CTBAL9d5bd6c3&country=IDN&locusType=city&searchText=Bali
2026-05-20 23:55:28 [INFO] HomePage: Scanning layout for promotional modal window elements...
2026-05-20 23:55:31 [INFO] HomePage: Promotional overlay 'Make Your Stay More Flexible' spotted! Dismissing via SKIP button...
2026-05-20 23:55:31 [INFO] HomePage: Screenshot successfully logged onto target path reference location: C:\Users\DELL\OneDrive\Desktop\wipro capstone\Makemytrip\screenshots\Flexibility_Popup_Observed_235531.png
2026-05-20 23:55:46 [INFO] HomePage: Flexibility popups check sequence executed clear without blocks: Message: 
Stacktrace:
	chromedriver!GetHandleVerifier [0x7ff745407de5+14895]
	chromedriver!GetHandleVerifier [0x7ff745407e50+14900]
	chromedriver!(No symbol) [0x7ff74516d5ad]
	chromedriver!(No symbol) [0x7ff7451c7822]
	chromedriver!(No symbol) [0x7ff7451c7b2c]
	chromedriver!(No symbol) [0x7ff745217d17]
	chromedriver!(No symbol) [0x7ff74521486f]
	chromedriver!(No symbol) [0x7ff7451b9df8]
	chromedriver!(No symbol) [0x7ff7451bace3]
	chromedriver!GetHandleVerifier [0x7ff74571cc49+3296f9]
	chromedriver!GetHandleVerifier [0x7ff745717375+323e25]
	chromedriver!GetHandleVerifier [0x7ff74573bc82+348732]
	chromedriver!GetHandleVerifier [0x7ff745426045+32af5]
	chromedriver!GetHandleVerifier [0x7ff74542ecec+3b79c]
	chromedriver!GetHandleVerifier [0x7ff745411bc4+1e674]
	chromedriver!GetHandleVerifier [0x7ff745411d54+1e804]
	chromedriver!GetHandleVerifier [0x7ff7453f60e7+2b97]
	KERNEL32!BaseThreadInitThunk [0x7ffc56aa7374+14]
	ntdll!RtlUserThreadStart [0x7ffc57cbcc91+21]

2026-05-20 23:55:46 [INFO] HomePage: Waiting for hotel listing page layout cards to finish rendering on screen...
2026-05-20 23:55:50 [INFO] HomePage: Applying standard '5 Star' accommodation quality score selection matrix filters...
2026-05-20 23:55:52 [INFO] HomePage: 5 Star properties query parameter rules applied successfully via JS callback execution.
2026-05-20 23:55:56 [INFO] HomePage: Screenshot successfully logged onto target path reference location: C:\Users\DELL\OneDrive\Desktop\wipro capstone\Makemytrip\screenshots\Five_Star_Filter_Applied_235556.png
2026-05-20 23:55:56 [INFO] HomePage: Extracting the primary premium choice hotel item row card details...
2026-05-20 23:56:12 [ERROR] HomePage: Target listing presentation data item could not be selected: Message: 
Stacktrace:
	chromedriver!GetHandleVerifier [0x7ff745407de5+14895]
	chromedriver!GetHandleVerifier [0x7ff745407e50+14900]
	chromedriver!(No symbol) [0x7ff74516d5ad]
	chromedriver!(No symbol) [0x7ff7451c7822]
	chromedriver!(No symbol) [0x7ff7451c7b2c]
	chromedriver!(No symbol) [0x7ff745217d17]
	chromedriver!(No symbol) [0x7ff74521486f]
	chromedriver!(No symbol) [0x7ff7451b9df8]
	chromedriver!(No symbol) [0x7ff7451bace3]
	chromedriver!GetHandleVerifier [0x7ff74571cc49+3296f9]
	chromedriver!GetHandleVerifier [0x7ff745717375+323e25]
	chromedriver!GetHandleVerifier [0x7ff74573bc82+348732]
	chromedriver!GetHandleVerifier [0x7ff745426045+32af5]
	chromedriver!GetHandleVerifier [0x7ff74542ecec+3b79c]
	chromedriver!GetHandleVerifier [0x7ff745411bc4+1e674]
	chromedriver!GetHandleVerifier [0x7ff745411d54+1e804]
	chromedriver!GetHandleVerifier [0x7ff7453f60e7+2b97]
	KERNEL32!BaseThreadInitThunk [0x7ffc56aa7374+14]
	ntdll!RtlUserThreadStart [0x7ffc57cbcc91+21]

2026-05-20 23:56:16 [INFO] ConftestSetup: Tearing down execution context workspace framework profiles...
2026-05-20 23:56:22 [INFO] ConftestSetup: WebDriver window session context terminated safely.
