2026-05-21 19:46:48,014 - INFO - POM LOG: Attempting to read CSV from path: C:\Users\DELL\OneDrive\Desktop\wipro capstone\Makemytrip\data\get_test.csv
2026-05-21 19:46:48,017 - INFO - POM LOG: Successfully read 6 rows from get_test.csv
2026-05-21 19:46:48,074 - INFO - ========== STARTING TEST ==========
2026-05-21 19:46:56,636 - INFO - OPENING MAKEMYTRIP WEBSITE
2026-05-21 19:47:21,975 - INFO - CURRENT URL: https://www.makemytrip.com/hotels/
2026-05-21 19:47:22,107 - INFO - ======================= STARTING PHASE 1 HOMEPAGE FLOW =======================
2026-05-21 19:47:31,900 - INFO - Checking for the presence of the authentication intercept overlay frame...
2026-05-21 19:47:36,446 - INFO - Authentication layout modal dismissed successfully.
2026-05-21 19:47:37,957 - INFO - Navigating explicitly into the MakeMyTrip Hotels workspace panel module...
2026-05-21 19:47:39,738 - INFO - Screenshot successfully logged onto target path reference location: C:\Users\DELL\OneDrive\Desktop\wipro capstone\Makemytrip\screenshots\Hotels_Module_Loaded_194738.png
2026-05-21 19:47:39,753 - INFO - Opening query selection widget and inputting location details: Bali
2026-05-21 19:47:50,204 - INFO - Successfully selected destination choice parameter option for: Bali
2026-05-21 19:47:50,225 - INFO - Pinning check-in calendar grid coordinates target date: May 27, 2026
2026-05-21 19:47:51,712 - INFO - Pinning check-out calendar grid coordinates target date: May 30, 2026
2026-05-21 19:47:55,006 - INFO - Screenshot successfully logged onto target path reference location: C:\Users\DELL\OneDrive\Desktop\wipro capstone\Makemytrip\screenshots\Calendar_Dates_Selected_194753.png
2026-05-21 19:47:55,758 - INFO - Validating guest matrix dimensions drawer and applying selection states...
2026-05-21 19:47:58,001 - INFO - Submitting query information criteria parameters to initialize compilation workflow execution...
2026-05-21 19:48:13,814 - INFO - Captured current address path query parameters string: https://www.makemytrip.com/hotels/hotel-listing/?checkin=05272026&city=CTBAL9d5bd6c3&checkout=05302026&roomStayQualifier=2e0e&locusId=CTBAL9d5bd6c3&country=IDN&locusType=city&searchText=Bali&regionNearByExp=3&rsc=1e2e0e
2026-05-21 19:48:14,147 - INFO - Screenshot successfully logged onto target path reference location: C:\Users\DELL\OneDrive\Desktop\wipro capstone\Makemytrip\screenshots\Search_Submission_200_OK_State_194813.png
2026-05-21 19:48:14,191 - INFO - Executing URL direct-load escape bypass sequence to dodge direct raw API rendering faults...
2026-05-21 19:48:47,002 - INFO - ======================= STARTING PHASE 2 FILTER & BOOKING FLOW =======================
2026-05-21 19:48:51,376 - INFO - Applying 5-Star hotel results modifier...
2026-05-21 19:49:04,972 - INFO - Selecting primary top-listed hotel choice card...
2026-05-21 19:49:18,786 - INFO - Synchronizing tab session instances...
2026-05-21 19:49:22,834 - INFO - Adjusting viewport positioning to clear the floating AI overlay view block...
2026-05-21 19:49:26,428 - INFO - Clicking on 'BOOK THIS NOW' element...
2026-05-21 19:49:26,744 - INFO - Successfully pushed past the hotel details view!
2026-05-21 19:49:31,745 - INFO - ======================= STARTING PHASE 3 BOOKING PAGE DATA ENTRY =======================
2026-05-21 19:49:31,763 - INFO - Synchronizing tabs and switching to the final Review/Booking tab...
2026-05-21 19:49:41,072 - INFO - CSV READ: Filled PAN Details -> ABCDE1234F
2026-05-21 19:49:41,085 - INFO - Initiating progressive scroll to load insurance and payment buttons...
2026-05-21 19:49:46,171 - INFO - Locating 'Yes, secure my trip.' radio button...
2026-05-21 19:49:47,490 - INFO - Successfully clicked Insurance Option!
2026-05-21 19:49:49,493 - INFO - Locating 'Pay Now' button...
2026-05-21 19:49:51,265 - INFO - Successfully clicked PAY NOW! Awaiting gateway transition...
2026-05-21 19:49:59,266 - INFO - ======================= GATEWAY TRANSITION VERIFICATION =======================
2026-05-21 19:49:59,267 - INFO - Successfully clicked PAY NOW. Holding browser open for visual verification...
2026-05-21 19:50:14,269 - INFO - ======================= AUTOMATION RUN CONCLUDED SUCCESSFUL =======================
2026-05-21 19:50:14,331 - INFO - TEST PASSED - CAPTURING SCREENSHOT
2026-05-21 19:50:14,569 - INFO - SCREENSHOT SAVED : reports/screenshots/test_navigate_to_hotels_module[data_set0]_PASS_20260521_195014.png
2026-05-21 19:50:14,726 - INFO - ========== CLOSING TEST ==========
2026-05-21 19:50:21,663 - INFO - BROWSER CLOSED SUCCESSFULLY
2026-05-21 19:50:25,530 - INFO - ========== STARTING TEST ==========
2026-05-21 19:50:32,185 - INFO - OPENING MAKEMYTRIP WEBSITE
2026-05-21 19:50:55,103 - INFO - CURRENT URL: https://www.makemytrip.com/hotels/
2026-05-21 19:50:55,145 - INFO - ======================= STARTING PHASE 1 HOMEPAGE FLOW =======================
2026-05-21 19:51:02,205 - INFO - Checking for the presence of the authentication intercept overlay frame...
2026-05-21 19:51:08,140 - INFO - Authentication layout modal dismissed successfully.
2026-05-21 19:51:09,642 - INFO - Navigating explicitly into the MakeMyTrip Hotels workspace panel module...
2026-05-21 19:51:10,912 - INFO - Screenshot successfully logged onto target path reference location: C:\Users\DELL\OneDrive\Desktop\wipro capstone\Makemytrip\screenshots\Hotels_Module_Loaded_195110.png
2026-05-21 19:51:10,915 - INFO - Opening query selection widget and inputting location details: Bali
2026-05-21 19:51:19,244 - INFO - Successfully selected destination choice parameter option for: Bali
2026-05-21 19:51:19,245 - INFO - Pinning check-in calendar grid coordinates target date: May 27, 2026
2026-05-21 19:51:20,807 - INFO - Pinning check-out calendar grid coordinates target date: May 30, 2026
2026-05-21 19:51:24,255 - INFO - Screenshot successfully logged onto target path reference location: C:\Users\DELL\OneDrive\Desktop\wipro capstone\Makemytrip\screenshots\Calendar_Dates_Selected_195123.png
2026-05-21 19:51:24,461 - INFO - Validating guest matrix dimensions drawer and applying selection states...
2026-05-21 19:51:25,793 - INFO - Submitting query information criteria parameters to initialize compilation workflow execution...
2026-05-21 19:51:37,958 - INFO - Captured current address path query parameters string: https://www.makemytrip.com/hotels/hotel-listing/?checkin=05272026&city=CTBAL9d5bd6c3&checkout=05302026&roomStayQualifier=2e0e&locusId=CTBAL9d5bd6c3&country=IDN&locusType=city&searchText=Bali&regionNearByExp=3&rsc=1e2e0e
2026-05-21 19:51:38,235 - INFO - Screenshot successfully logged onto target path reference location: C:\Users\DELL\OneDrive\Desktop\wipro capstone\Makemytrip\screenshots\Search_Submission_200_OK_State_195137.png
2026-05-21 19:51:38,269 - INFO - Executing URL direct-load escape bypass sequence to dodge direct raw API rendering faults...
2026-05-21 19:51:59,670 - INFO - ======================= STARTING PHASE 2 FILTER & BOOKING FLOW =======================
2026-05-21 19:52:04,393 - INFO - Applying 5-Star hotel results modifier...
2026-05-21 19:52:18,269 - INFO - Selecting primary top-listed hotel choice card...
2026-05-21 19:52:36,338 - INFO - Synchronizing tab session instances...
2026-05-21 19:52:40,498 - INFO - Adjusting viewport positioning to clear the floating AI overlay view block...
2026-05-21 19:52:44,176 - INFO - Clicking on 'BOOK THIS NOW' element...
2026-05-21 19:52:44,366 - INFO - Successfully pushed past the hotel details view!
2026-05-21 19:52:49,368 - INFO - ======================= STARTING PHASE 3 BOOKING PAGE DATA ENTRY =======================
2026-05-21 19:52:49,373 - INFO - Synchronizing tabs and switching to the final Review/Booking tab...
2026-05-21 19:52:58,027 - INFO - CSV READ: Filled PAN Details -> XYZWX5678Z
2026-05-21 19:52:58,034 - INFO - Initiating progressive scroll to load insurance and payment buttons...
2026-05-21 19:53:03,110 - INFO - Locating 'Yes, secure my trip.' radio button...
2026-05-21 19:53:04,397 - INFO - Successfully clicked Insurance Option!
2026-05-21 19:53:06,449 - INFO - Locating 'Pay Now' button...
2026-05-21 19:53:08,310 - INFO - Successfully clicked PAY NOW! Awaiting gateway transition...
2026-05-21 19:53:16,323 - INFO - ======================= GATEWAY TRANSITION VERIFICATION =======================
2026-05-21 19:53:16,323 - INFO - Successfully clicked PAY NOW. Holding browser open for visual verification...
2026-05-21 19:53:31,325 - INFO - ======================= AUTOMATION RUN CONCLUDED SUCCESSFUL =======================
2026-05-21 19:53:31,327 - INFO - TEST PASSED - CAPTURING SCREENSHOT
2026-05-21 19:53:31,581 - INFO - SCREENSHOT SAVED : reports/screenshots/test_navigate_to_hotels_module[data_set1]_PASS_20260521_195331.png
2026-05-21 19:53:31,678 - INFO - ========== CLOSING TEST ==========
2026-05-21 19:53:39,260 - INFO - BROWSER CLOSED SUCCESSFULLY
2026-05-21 19:53:39,295 - INFO - ========== STARTING TEST ==========
2026-05-21 19:53:47,194 - INFO - OPENING MAKEMYTRIP WEBSITE
2026-05-21 19:54:00,518 - INFO - CURRENT URL: https://www.makemytrip.com/hotels/
2026-05-21 19:54:00,532 - INFO - ======================= STARTING PHASE 1 HOMEPAGE FLOW =======================
2026-05-21 19:54:09,250 - INFO - Checking for the presence of the authentication intercept overlay frame...
2026-05-21 19:54:12,419 - INFO - Authentication layout modal dismissed successfully.
2026-05-21 19:54:13,925 - INFO - Navigating explicitly into the MakeMyTrip Hotels workspace panel module...
2026-05-21 19:54:19,664 - ERROR - TEST FAILED - CAPTURING SCREENSHOT
2026-05-21 19:54:20,019 - INFO - SCREENSHOT SAVED : reports/screenshots/test_navigate_to_hotels_module[data_set2]_FAIL_20260521_195419.png
2026-05-21 19:54:20,103 - INFO - ========== CLOSING TEST ==========
2026-05-21 19:54:25,421 - INFO - BROWSER CLOSED SUCCESSFULLY
2026-05-21 19:54:25,447 - INFO - ========== STARTING TEST ==========
2026-05-21 19:54:38,184 - INFO - OPENING MAKEMYTRIP WEBSITE
2026-05-21 19:54:53,289 - INFO - CURRENT URL: https://www.makemytrip.com/hotels/
2026-05-21 19:54:53,303 - INFO - ======================= STARTING PHASE 1 HOMEPAGE FLOW =======================
2026-05-21 19:55:03,879 - INFO - Checking for the presence of the authentication intercept overlay frame...
2026-05-21 19:55:07,885 - INFO - Authentication layout modal dismissed successfully.
2026-05-21 19:55:09,387 - INFO - Navigating explicitly into the MakeMyTrip Hotels workspace panel module...
2026-05-21 19:55:11,031 - INFO - Screenshot successfully logged onto target path reference location: C:\Users\DELL\OneDrive\Desktop\wipro capstone\Makemytrip\screenshots\Hotels_Module_Loaded_195509.png
2026-05-21 19:55:11,076 - INFO - Opening query selection widget and inputting location details: Bali
2026-05-21 19:55:19,470 - INFO - Successfully selected destination choice parameter option for: Bali
2026-05-21 19:55:19,474 - INFO - Pinning check-in calendar grid coordinates target date: May 27, 2026
2026-05-21 19:55:20,734 - INFO - Pinning check-out calendar grid coordinates target date: May 30, 2026
2026-05-21 19:55:22,357 - INFO - Screenshot successfully logged onto target path reference location: C:\Users\DELL\OneDrive\Desktop\wipro capstone\Makemytrip\screenshots\Calendar_Dates_Selected_195522.png
2026-05-21 19:55:22,370 - INFO - Validating guest matrix dimensions drawer and applying selection states...
2026-05-21 19:55:23,814 - INFO - Submitting query information criteria parameters to initialize compilation workflow execution...
2026-05-21 19:55:53,091 - INFO - Captured current address path query parameters string: https://www.makemytrip.com/hotels/hotel-listing/?checkin=05272026&city=CTBAL9d5bd6c3&checkout=05302026&roomStayQualifier=2e0e&locusId=CTBAL9d5bd6c3&country=IDN&locusType=city&searchText=Bali&regionNearByExp=3&rsc=1e2e0e
2026-05-21 19:55:53,319 - INFO - Screenshot successfully logged onto target path reference location: C:\Users\DELL\OneDrive\Desktop\wipro capstone\Makemytrip\screenshots\Search_Submission_200_OK_State_195553.png
2026-05-21 19:55:53,322 - INFO - Executing URL direct-load escape bypass sequence to dodge direct raw API rendering faults...
2026-05-21 19:56:13,639 - INFO - ======================= STARTING PHASE 2 FILTER & BOOKING FLOW =======================
2026-05-21 19:56:17,947 - INFO - Applying 5-Star hotel results modifier...
2026-05-21 19:56:31,426 - INFO - Selecting primary top-listed hotel choice card...
2026-05-21 19:56:49,038 - INFO - Synchronizing tab session instances...
2026-05-21 19:56:53,068 - INFO - Adjusting viewport positioning to clear the floating AI overlay view block...
2026-05-21 19:56:56,712 - INFO - Clicking on 'BOOK THIS NOW' element...
2026-05-21 19:56:56,910 - INFO - Successfully pushed past the hotel details view!
2026-05-21 19:57:01,914 - INFO - ======================= STARTING PHASE 3 BOOKING PAGE DATA ENTRY =======================
2026-05-21 19:57:01,921 - INFO - Synchronizing tabs and switching to the final Review/Booking tab...
2026-05-21 19:57:13,634 - INFO - CSV READ: Filled PAN Details -> QRSTU4321V
2026-05-21 19:57:13,642 - INFO - Initiating progressive scroll to load insurance and payment buttons...
2026-05-21 19:57:18,971 - INFO - Locating 'Yes, secure my trip.' radio button...
2026-05-21 19:57:20,753 - INFO - Successfully clicked Insurance Option!
2026-05-21 19:57:22,824 - INFO - Locating 'Pay Now' button...
2026-05-21 19:57:24,602 - INFO - Successfully clicked PAY NOW! Awaiting gateway transition...
2026-05-21 19:57:32,604 - INFO - ======================= GATEWAY TRANSITION VERIFICATION =======================
2026-05-21 19:57:32,605 - INFO - Successfully clicked PAY NOW. Holding browser open for visual verification...
2026-05-21 19:57:47,606 - INFO - ======================= AUTOMATION RUN CONCLUDED SUCCESSFUL =======================
2026-05-21 19:57:47,643 - INFO - TEST PASSED - CAPTURING SCREENSHOT
2026-05-21 19:57:47,881 - INFO - SCREENSHOT SAVED : reports/screenshots/test_navigate_to_hotels_module[data_set3]_PASS_20260521_195747.png
2026-05-21 19:57:48,078 - INFO - ========== CLOSING TEST ==========
2026-05-21 19:57:51,276 - INFO - BROWSER CLOSED SUCCESSFULLY
2026-05-21 19:57:52,409 - INFO - ========== STARTING TEST ==========
2026-05-21 19:57:57,814 - INFO - OPENING MAKEMYTRIP WEBSITE
2026-05-21 19:58:12,555 - INFO - CURRENT URL: https://www.makemytrip.com/hotels/
2026-05-21 19:58:12,612 - INFO - ======================= STARTING PHASE 1 HOMEPAGE FLOW =======================
2026-05-21 19:58:21,670 - INFO - Checking for the presence of the authentication intercept overlay frame...
2026-05-21 19:58:27,219 - INFO - Authentication layout modal dismissed successfully.
2026-05-21 19:58:28,721 - INFO - Navigating explicitly into the MakeMyTrip Hotels workspace panel module...
2026-05-21 19:58:32,843 - INFO - Screenshot successfully logged onto target path reference location: C:\Users\DELL\OneDrive\Desktop\wipro capstone\Makemytrip\screenshots\Hotels_Module_Loaded_195832.png
2026-05-21 19:58:32,853 - INFO - Opening query selection widget and inputting location details: Bali
2026-05-21 19:58:41,285 - INFO - Successfully selected destination choice parameter option for: Bali
2026-05-21 19:58:41,291 - INFO - Pinning check-in calendar grid coordinates target date: May 27, 2026
2026-05-21 19:58:42,607 - INFO - Pinning check-out calendar grid coordinates target date: May 30, 2026
2026-05-21 19:58:45,794 - INFO - Screenshot successfully logged onto target path reference location: C:\Users\DELL\OneDrive\Desktop\wipro capstone\Makemytrip\screenshots\Calendar_Dates_Selected_195845.png
2026-05-21 19:58:45,798 - INFO - Validating guest matrix dimensions drawer and applying selection states...
2026-05-21 19:58:46,900 - INFO - Submitting query information criteria parameters to initialize compilation workflow execution...
2026-05-21 19:58:55,039 - INFO - Captured current address path query parameters string: https://www.makemytrip.com/hotels/hotel-listing/?checkin=05272026&city=CTBAL9d5bd6c3&checkout=05302026&roomStayQualifier=2e0e&locusId=CTBAL9d5bd6c3&country=IDN&locusType=city&searchText=Bali&regionNearByExp=3&rsc=1e2e0e
2026-05-21 19:58:55,317 - INFO - Screenshot successfully logged onto target path reference location: C:\Users\DELL\OneDrive\Desktop\wipro capstone\Makemytrip\screenshots\Search_Submission_200_OK_State_195855.png
2026-05-21 19:58:55,321 - INFO - Executing URL direct-load escape bypass sequence to dodge direct raw API rendering faults...
2026-05-21 19:59:19,173 - INFO - ======================= STARTING PHASE 2 FILTER & BOOKING FLOW =======================
2026-05-21 19:59:23,520 - INFO - Applying 5-Star hotel results modifier...
2026-05-21 19:59:37,049 - INFO - Selecting primary top-listed hotel choice card...
2026-05-21 19:59:51,138 - INFO - Synchronizing tab session instances...
2026-05-21 19:59:55,181 - INFO - Adjusting viewport positioning to clear the floating AI overlay view block...
2026-05-21 19:59:58,766 - INFO - Clicking on 'BOOK THIS NOW' element...
2026-05-21 19:59:58,993 - INFO - Successfully pushed past the hotel details view!
2026-05-21 20:00:04,022 - INFO - ======================= STARTING PHASE 3 BOOKING PAGE DATA ENTRY =======================
2026-05-21 20:00:04,029 - INFO - Synchronizing tabs and switching to the final Review/Booking tab...
2026-05-21 20:00:13,139 - INFO - CSV READ: Filled PAN Details -> ABCDE1234F
2026-05-21 20:00:13,179 - INFO - Initiating progressive scroll to load insurance and payment buttons...
2026-05-21 20:00:18,410 - INFO - Locating 'Yes, secure my trip.' radio button...
2026-05-21 20:00:19,742 - INFO - Successfully clicked Insurance Option!
2026-05-21 20:00:21,744 - INFO - Locating 'Pay Now' button...
2026-05-21 20:00:24,538 - INFO - Successfully clicked PAY NOW! Awaiting gateway transition...
2026-05-21 20:00:32,539 - INFO - ======================= GATEWAY TRANSITION VERIFICATION =======================
2026-05-21 20:00:32,540 - INFO - Successfully clicked PAY NOW. Holding browser open for visual verification...
2026-05-21 20:00:47,542 - INFO - ======================= AUTOMATION RUN CONCLUDED SUCCESSFUL =======================
2026-05-21 20:00:47,547 - INFO - TEST PASSED - CAPTURING SCREENSHOT
2026-05-21 20:00:47,763 - INFO - SCREENSHOT SAVED : reports/screenshots/test_navigate_to_hotels_module[data_set4]_PASS_20260521_200047.png
2026-05-21 20:00:47,828 - INFO - ========== CLOSING TEST ==========
2026-05-21 20:00:52,007 - INFO - BROWSER CLOSED SUCCESSFULLY
2026-05-21 20:00:52,498 - INFO - ========== STARTING TEST ==========
2026-05-21 20:00:56,580 - INFO - OPENING MAKEMYTRIP WEBSITE
2026-05-21 20:01:08,585 - INFO - CURRENT URL: https://www.makemytrip.com/hotels/
2026-05-21 20:01:08,594 - INFO - ======================= STARTING PHASE 1 HOMEPAGE FLOW =======================
2026-05-21 20:01:14,655 - INFO - Checking for the presence of the authentication intercept overlay frame...
2026-05-21 20:01:33,833 - INFO - Navigating explicitly into the MakeMyTrip Hotels workspace panel module...
2026-05-21 20:01:50,053 - ERROR - TEST FAILED - CAPTURING SCREENSHOT
2026-05-21 20:01:50,195 - INFO - SCREENSHOT SAVED : reports/screenshots/test_navigate_to_hotels_module[data_set5]_FAIL_20260521_200150.png
2026-05-21 20:01:50,282 - INFO - ========== CLOSING TEST ==========
2026-05-21 20:01:54,674 - INFO - BROWSER CLOSED SUCCESSFULLY
2026-05-21 20:48:42,309 - INFO - POM LOG: Attempting to read CSV from path: C:\Users\DELL\OneDrive\Desktop\wipro capstone\Makemytrip\data\get_test.csv
2026-05-21 20:48:42,312 - INFO - POM LOG: Successfully read 6 rows from get_test.csv
2026-05-21 20:48:42,343 - INFO - ========== STARTING TEST ==========
2026-05-21 20:48:47,701 - INFO - OPENING MAKEMYTRIP WEBSITE
2026-05-21 20:48:57,615 - INFO - CURRENT URL: https://www.makemytrip.com/hotels/
2026-05-21 20:48:57,631 - INFO - ======================= STARTING PHASE 1 HOMEPAGE FLOW =======================
2026-05-21 20:49:05,166 - INFO - Checking for the presence of the authentication intercept overlay frame...
2026-05-21 20:49:08,284 - INFO - Authentication layout modal dismissed successfully.
2026-05-21 20:49:09,786 - INFO - Navigating explicitly into the MakeMyTrip Hotels workspace panel module...
2026-05-21 20:49:11,063 - INFO - Screenshot successfully logged onto target path reference location: C:\Users\DELL\OneDrive\Desktop\wipro capstone\Makemytrip\screenshots\Hotels_Module_Loaded_204910.png
2026-05-21 20:49:11,065 - INFO - Opening query selection widget and inputting location details: Bali
2026-05-21 20:49:18,745 - INFO - Successfully selected destination choice parameter option for: Bali
2026-05-21 20:49:18,747 - INFO - Pinning check-in calendar grid coordinates target date: May 27, 2026
2026-05-21 20:49:20,101 - INFO - Pinning check-out calendar grid coordinates target date: May 30, 2026
2026-05-21 20:49:21,372 - INFO - Screenshot successfully logged onto target path reference location: C:\Users\DELL\OneDrive\Desktop\wipro capstone\Makemytrip\screenshots\Calendar_Dates_Selected_204921.png
2026-05-21 20:49:21,379 - INFO - Validating guest matrix dimensions drawer and applying selection states...
2026-05-21 20:49:22,458 - INFO - Submitting query information criteria parameters to initialize compilation workflow execution...
2026-05-21 20:49:29,454 - INFO - Captured current address path query parameters string: https://www.makemytrip.com/hotels/hotel-listing/?checkin=05272026&city=CTBAL9d5bd6c3&checkout=05302026&roomStayQualifier=2e0e&locusId=CTBAL9d5bd6c3&country=IDN&locusType=city&searchText=Bali&regionNearByExp=3&rsc=1e2e0e
2026-05-21 20:49:29,728 - INFO - Screenshot successfully logged onto target path reference location: C:\Users\DELL\OneDrive\Desktop\wipro capstone\Makemytrip\screenshots\Search_Submission_200_OK_State_204929.png
2026-05-21 20:49:29,729 - INFO - Executing URL direct-load escape bypass sequence to dodge direct raw API rendering faults...
2026-05-21 20:49:49,384 - INFO - ======================= STARTING PHASE 2 FILTER & BOOKING FLOW =======================
2026-05-21 20:49:54,205 - INFO - Applying 5-Star hotel results modifier...
2026-05-21 20:50:07,536 - INFO - Selecting primary top-listed hotel choice card...
2026-05-21 20:50:21,513 - INFO - Synchronizing tab session instances...
2026-05-21 20:50:25,533 - INFO - Adjusting viewport positioning to clear the floating AI overlay view block...
2026-05-21 20:50:29,069 - INFO - Clicking on 'BOOK THIS NOW' element...
2026-05-21 20:50:29,168 - INFO - Successfully pushed past the hotel details view!
2026-05-21 20:50:34,169 - INFO - ======================= STARTING PHASE 3 BOOKING PAGE DATA ENTRY =======================
2026-05-21 20:50:34,172 - INFO - Synchronizing tabs and switching to the final Review/Booking tab...
2026-05-21 20:50:42,529 - INFO - CSV READ: Filled PAN Details -> ABCDE1234F
2026-05-21 20:50:42,534 - INFO - Initiating progressive scroll to load insurance and payment buttons...
2026-05-21 20:50:47,609 - INFO - Locating 'Yes, secure my trip.' radio button...
2026-05-21 20:50:48,971 - INFO - Successfully clicked Insurance Option!
2026-05-21 20:50:50,973 - INFO - Locating 'Pay Now' button...
2026-05-21 20:50:52,584 - INFO - Successfully clicked PAY NOW! Awaiting gateway transition...
2026-05-21 20:51:00,585 - INFO - ======================= GATEWAY TRANSITION VERIFICATION =======================
2026-05-21 20:51:00,586 - INFO - Successfully clicked PAY NOW. Holding browser open for visual verification...
2026-05-21 20:51:15,587 - INFO - ======================= AUTOMATION RUN CONCLUDED SUCCESSFUL =======================
2026-05-21 20:51:15,607 - INFO - TEST PASSED - CAPTURING SCREENSHOT
2026-05-21 20:51:15,740 - INFO - SCREENSHOT SAVED : reports/screenshots/test_navigate_to_hotels_module[data_set0]_PASS_20260521_205115.png
2026-05-21 20:51:15,788 - INFO - ========== CLOSING TEST ==========
2026-05-21 20:51:20,363 - INFO - BROWSER CLOSED SUCCESSFULLY
2026-05-21 20:51:20,788 - INFO - ========== STARTING TEST ==========
2026-05-21 20:51:25,835 - INFO - OPENING MAKEMYTRIP WEBSITE
2026-05-21 20:51:37,338 - INFO - CURRENT URL: https://www.makemytrip.com/hotels/
2026-05-21 20:51:37,347 - INFO - ======================= STARTING PHASE 1 HOMEPAGE FLOW =======================
2026-05-21 20:51:44,556 - INFO - Checking for the presence of the authentication intercept overlay frame...
2026-05-21 20:51:47,646 - INFO - Authentication layout modal dismissed successfully.
2026-05-21 20:51:49,147 - INFO - Navigating explicitly into the MakeMyTrip Hotels workspace panel module...
2026-05-21 20:51:50,046 - INFO - Screenshot successfully logged onto target path reference location: C:\Users\DELL\OneDrive\Desktop\wipro capstone\Makemytrip\screenshots\Hotels_Module_Loaded_205149.png
2026-05-21 20:51:50,047 - INFO - Opening query selection widget and inputting location details: Bali
2026-05-21 20:51:57,933 - INFO - Successfully selected destination choice parameter option for: Bali
2026-05-21 20:51:57,934 - INFO - Pinning check-in calendar grid coordinates target date: May 27, 2026
2026-05-21 20:51:59,136 - INFO - Pinning check-out calendar grid coordinates target date: May 30, 2026
2026-05-21 20:52:00,383 - INFO - Screenshot successfully logged onto target path reference location: C:\Users\DELL\OneDrive\Desktop\wipro capstone\Makemytrip\screenshots\Calendar_Dates_Selected_205200.png
2026-05-21 20:52:00,384 - INFO - Validating guest matrix dimensions drawer and applying selection states...
2026-05-21 20:52:01,436 - INFO - Submitting query information criteria parameters to initialize compilation workflow execution...
2026-05-21 20:52:09,477 - INFO - Captured current address path query parameters string: https://www.makemytrip.com/hotels/hotel-listing/?checkin=05272026&city=CTBAL9d5bd6c3&checkout=05302026&roomStayQualifier=2e0e&locusId=CTBAL9d5bd6c3&country=IDN&locusType=city&searchText=Bali&regionNearByExp=3&rsc=1e2e0e
2026-05-21 20:52:09,662 - INFO - Screenshot successfully logged onto target path reference location: C:\Users\DELL\OneDrive\Desktop\wipro capstone\Makemytrip\screenshots\Search_Submission_200_OK_State_205209.png
2026-05-21 20:52:09,666 - INFO - Executing URL direct-load escape bypass sequence to dodge direct raw API rendering faults...
2026-05-21 20:52:28,532 - INFO - ======================= STARTING PHASE 2 FILTER & BOOKING FLOW =======================
2026-05-21 20:52:32,743 - INFO - Applying 5-Star hotel results modifier...
2026-05-21 20:52:46,085 - INFO - Selecting primary top-listed hotel choice card...
2026-05-21 20:52:59,110 - INFO - Synchronizing tab session instances...
2026-05-21 20:53:03,132 - INFO - Adjusting viewport positioning to clear the floating AI overlay view block...
2026-05-21 20:53:06,662 - INFO - Clicking on 'BOOK THIS NOW' element...
2026-05-21 20:53:06,750 - INFO - Successfully pushed past the hotel details view!
2026-05-21 20:53:11,752 - INFO - ======================= STARTING PHASE 3 BOOKING PAGE DATA ENTRY =======================
2026-05-21 20:53:11,757 - INFO - Synchronizing tabs and switching to the final Review/Booking tab...
2026-05-21 20:53:19,454 - INFO - CSV READ: Filled PAN Details -> XYZWX5678Z
2026-05-21 20:53:19,456 - INFO - Initiating progressive scroll to load insurance and payment buttons...
2026-05-21 20:53:24,519 - INFO - Locating 'Yes, secure my trip.' radio button...
2026-05-21 20:53:35,080 - ERROR - Failed to click insurance or payment button: Message: 
Stacktrace:
	uc_driver!GetHandleVerifier [0x7ff769e17de5+14895]
	uc_driver!GetHandleVerifier [0x7ff769e17e50+14900]
	uc_driver!(No symbol) [0x7ff769b7d5ad]
	uc_driver!(No symbol) [0x7ff769bd7822]
	uc_driver!(No symbol) [0x7ff769bd7b2c]
	uc_driver!(No symbol) [0x7ff769c27d17]
	uc_driver!(No symbol) [0x7ff769c2486f]
	uc_driver!(No symbol) [0x7ff769bc9df8]
	uc_driver!(No symbol) [0x7ff769bcace3]
	uc_driver!GetHandleVerifier [0x7ff76a12cc49+3296f9]
	uc_driver!GetHandleVerifier [0x7ff76a127375+323e25]
	uc_driver!GetHandleVerifier [0x7ff76a14bc82+348732]
	uc_driver!GetHandleVerifier [0x7ff769e36045+32af5]
	uc_driver!GetHandleVerifier [0x7ff769e3ecec+3b79c]
	uc_driver!GetHandleVerifier [0x7ff769e21bc4+1e674]
	uc_driver!GetHandleVerifier [0x7ff769e21d54+1e804]
	uc_driver!GetHandleVerifier [0x7ff769e060e7+2b97]
	KERNEL32!BaseThreadInitThunk [0x7ffbb1697374+14]
	ntdll!RtlUserThreadStart [0x7ffbb1d5cc91+21]

2026-05-21 20:53:35,989 - ERROR - TEST FAILED - CAPTURING SCREENSHOT
2026-05-21 20:53:36,135 - INFO - SCREENSHOT SAVED : reports/screenshots/test_navigate_to_hotels_module[data_set1]_FAIL_20260521_205335.png
2026-05-21 20:53:36,147 - INFO - ========== CLOSING TEST ==========
2026-05-21 20:53:39,383 - INFO - BROWSER CLOSED SUCCESSFULLY
2026-05-21 20:53:39,454 - INFO - ========== STARTING TEST ==========
2026-05-21 20:53:43,965 - INFO - OPENING MAKEMYTRIP WEBSITE
2026-05-21 20:53:55,311 - INFO - CURRENT URL: https://www.makemytrip.com/hotels/
2026-05-21 20:53:55,313 - INFO - ======================= STARTING PHASE 1 HOMEPAGE FLOW =======================
2026-05-21 20:54:02,243 - INFO - Checking for the presence of the authentication intercept overlay frame...
2026-05-21 20:54:05,390 - INFO - Authentication layout modal dismissed successfully.
2026-05-21 20:54:06,895 - INFO - Navigating explicitly into the MakeMyTrip Hotels workspace panel module...
2026-05-21 20:54:07,746 - INFO - Screenshot successfully logged onto target path reference location: C:\Users\DELL\OneDrive\Desktop\wipro capstone\Makemytrip\screenshots\Hotels_Module_Loaded_205407.png
2026-05-21 20:54:07,756 - INFO - Opening query selection widget and inputting location details: Bali
2026-05-21 20:54:15,430 - INFO - Successfully selected destination choice parameter option for: Bali
2026-05-21 20:54:15,431 - INFO - Pinning check-in calendar grid coordinates target date: May 27, 2026
2026-05-21 20:54:16,791 - INFO - Pinning check-out calendar grid coordinates target date: May 30, 2026
2026-05-21 20:54:18,064 - INFO - Screenshot successfully logged onto target path reference location: C:\Users\DELL\OneDrive\Desktop\wipro capstone\Makemytrip\screenshots\Calendar_Dates_Selected_205417.png
2026-05-21 20:54:18,065 - INFO - Validating guest matrix dimensions drawer and applying selection states...
2026-05-21 20:54:19,116 - INFO - Submitting query information criteria parameters to initialize compilation workflow execution...
2026-05-21 20:55:06,635 - INFO - Captured current address path query parameters string: https://www.makemytrip.com/hotels/hotel-listing/?checkin=05272026&city=CTBAL9d5bd6c3&checkout=05302026&roomStayQualifier=2e0e&locusId=CTBAL9d5bd6c3&country=IDN&locusType=city&searchText=Bali&regionNearByExp=3&rsc=1e2e0e
2026-05-21 20:55:06,785 - INFO - Screenshot successfully logged onto target path reference location: C:\Users\DELL\OneDrive\Desktop\wipro capstone\Makemytrip\screenshots\Search_Submission_200_OK_State_205506.png
2026-05-21 20:55:06,787 - INFO - Executing URL direct-load escape bypass sequence to dodge direct raw API rendering faults...
2026-05-21 20:55:27,268 - INFO - ======================= STARTING PHASE 2 FILTER & BOOKING FLOW =======================
2026-05-21 20:55:31,438 - INFO - Applying 5-Star hotel results modifier...
2026-05-21 20:55:44,729 - INFO - Selecting primary top-listed hotel choice card...
2026-05-21 20:55:59,110 - INFO - Synchronizing tab session instances...
2026-05-21 20:56:03,135 - INFO - Adjusting viewport positioning to clear the floating AI overlay view block...
2026-05-21 20:56:06,667 - INFO - Clicking on 'BOOK THIS NOW' element...
2026-05-21 20:56:06,762 - INFO - Successfully pushed past the hotel details view!
2026-05-21 20:56:11,763 - INFO - ======================= STARTING PHASE 3 BOOKING PAGE DATA ENTRY =======================
2026-05-21 20:56:11,766 - INFO - Synchronizing tabs and switching to the final Review/Booking tab...
2026-05-21 20:56:18,893 - INFO - CSV READ: Filled PAN Details -> LMNOP9876Q
2026-05-21 20:56:18,895 - INFO - Initiating progressive scroll to load insurance and payment buttons...
2026-05-21 20:56:23,936 - INFO - Locating 'Yes, secure my trip.' radio button...
2026-05-21 20:56:25,063 - INFO - Successfully clicked Insurance Option!
2026-05-21 20:56:27,064 - INFO - Locating 'Pay Now' button...
2026-05-21 20:56:28,742 - INFO - Successfully clicked PAY NOW! Awaiting gateway transition...
2026-05-21 20:56:36,743 - INFO - ======================= GATEWAY TRANSITION VERIFICATION =======================
2026-05-21 20:56:36,745 - INFO - Successfully clicked PAY NOW. Holding browser open for visual verification...
2026-05-21 20:56:51,749 - INFO - ======================= AUTOMATION RUN CONCLUDED SUCCESSFUL =======================
2026-05-21 20:56:51,754 - INFO - TEST PASSED - CAPTURING SCREENSHOT
2026-05-21 20:56:51,898 - INFO - SCREENSHOT SAVED : reports/screenshots/test_navigate_to_hotels_module[data_set2]_PASS_20260521_205651.png
2026-05-21 20:56:51,937 - INFO - ========== CLOSING TEST ==========
2026-05-21 20:56:55,182 - INFO - BROWSER CLOSED SUCCESSFULLY
2026-05-21 20:56:55,242 - INFO - ========== STARTING TEST ==========
2026-05-21 20:56:59,510 - INFO - OPENING MAKEMYTRIP WEBSITE
2026-05-21 20:57:11,141 - INFO - CURRENT URL: https://www.makemytrip.com/hotels/
2026-05-21 20:57:11,176 - INFO - ======================= STARTING PHASE 1 HOMEPAGE FLOW =======================
2026-05-21 20:57:19,773 - INFO - Checking for the presence of the authentication intercept overlay frame...
2026-05-21 20:57:22,843 - INFO - Authentication layout modal dismissed successfully.
2026-05-21 20:57:24,344 - INFO - Navigating explicitly into the MakeMyTrip Hotels workspace panel module...
2026-05-21 20:57:24,977 - INFO - Screenshot successfully logged onto target path reference location: C:\Users\DELL\OneDrive\Desktop\wipro capstone\Makemytrip\screenshots\Hotels_Module_Loaded_205724.png
2026-05-21 20:57:24,989 - INFO - Opening query selection widget and inputting location details: Bali
2026-05-21 20:57:32,748 - INFO - Successfully selected destination choice parameter option for: Bali
2026-05-21 20:57:32,750 - INFO - Pinning check-in calendar grid coordinates target date: May 27, 2026
2026-05-21 20:57:33,920 - INFO - Pinning check-out calendar grid coordinates target date: May 30, 2026
2026-05-21 20:57:35,205 - INFO - Screenshot successfully logged onto target path reference location: C:\Users\DELL\OneDrive\Desktop\wipro capstone\Makemytrip\screenshots\Calendar_Dates_Selected_205735.png
2026-05-21 20:57:35,206 - INFO - Validating guest matrix dimensions drawer and applying selection states...
2026-05-21 20:57:36,262 - INFO - Submitting query information criteria parameters to initialize compilation workflow execution...
2026-05-21 20:57:44,770 - INFO - Captured current address path query parameters string: https://www.makemytrip.com/hotels/hotel-listing/?checkin=05272026&city=CTBAL9d5bd6c3&checkout=05302026&roomStayQualifier=2e0e&locusId=CTBAL9d5bd6c3&country=IDN&locusType=city&searchText=Bali&regionNearByExp=3&rsc=1e2e0e
2026-05-21 20:57:44,924 - INFO - Screenshot successfully logged onto target path reference location: C:\Users\DELL\OneDrive\Desktop\wipro capstone\Makemytrip\screenshots\Search_Submission_200_OK_State_205744.png
2026-05-21 20:57:44,925 - INFO - Executing URL direct-load escape bypass sequence to dodge direct raw API rendering faults...
2026-05-21 20:58:03,731 - INFO - ======================= STARTING PHASE 2 FILTER & BOOKING FLOW =======================
2026-05-21 20:58:07,940 - INFO - Applying 5-Star hotel results modifier...
2026-05-21 20:58:21,263 - INFO - Selecting primary top-listed hotel choice card...
2026-05-21 20:58:34,422 - INFO - Synchronizing tab session instances...
2026-05-21 20:58:38,443 - INFO - Adjusting viewport positioning to clear the floating AI overlay view block...
2026-05-21 20:58:41,976 - INFO - Clicking on 'BOOK THIS NOW' element...
2026-05-21 20:58:42,088 - INFO - Successfully pushed past the hotel details view!
2026-05-21 20:58:47,090 - INFO - ======================= STARTING PHASE 3 BOOKING PAGE DATA ENTRY =======================
2026-05-21 20:58:47,094 - INFO - Synchronizing tabs and switching to the final Review/Booking tab...
2026-05-21 20:58:54,398 - INFO - CSV READ: Filled PAN Details -> QRSTU4321V
2026-05-21 20:58:54,401 - INFO - Initiating progressive scroll to load insurance and payment buttons...
2026-05-21 20:58:59,447 - INFO - Locating 'Yes, secure my trip.' radio button...
2026-05-21 20:59:00,578 - INFO - Successfully clicked Insurance Option!
2026-05-21 20:59:02,580 - INFO - Locating 'Pay Now' button...
2026-05-21 20:59:04,190 - INFO - Successfully clicked PAY NOW! Awaiting gateway transition...
2026-05-21 20:59:12,190 - INFO - ======================= GATEWAY TRANSITION VERIFICATION =======================
2026-05-21 20:59:12,194 - INFO - Successfully clicked PAY NOW. Holding browser open for visual verification...
2026-05-21 20:59:27,195 - INFO - ======================= AUTOMATION RUN CONCLUDED SUCCESSFUL =======================
2026-05-21 20:59:27,208 - INFO - TEST PASSED - CAPTURING SCREENSHOT
2026-05-21 20:59:27,406 - INFO - SCREENSHOT SAVED : reports/screenshots/test_navigate_to_hotels_module[data_set3]_PASS_20260521_205927.png
2026-05-21 20:59:27,450 - INFO - ========== CLOSING TEST ==========
2026-05-21 20:59:30,753 - INFO - BROWSER CLOSED SUCCESSFULLY
2026-05-21 20:59:31,087 - INFO - ========== STARTING TEST ==========
2026-05-21 20:59:35,360 - INFO - OPENING MAKEMYTRIP WEBSITE
2026-05-21 20:59:47,232 - INFO - CURRENT URL: https://www.makemytrip.com/hotels/
2026-05-21 20:59:47,237 - INFO - ======================= STARTING PHASE 1 HOMEPAGE FLOW =======================
2026-05-21 20:59:54,787 - INFO - Checking for the presence of the authentication intercept overlay frame...
2026-05-21 20:59:57,934 - INFO - Authentication layout modal dismissed successfully.
2026-05-21 20:59:59,438 - INFO - Navigating explicitly into the MakeMyTrip Hotels workspace panel module...
2026-05-21 21:00:00,523 - INFO - Screenshot successfully logged onto target path reference location: C:\Users\DELL\OneDrive\Desktop\wipro capstone\Makemytrip\screenshots\Hotels_Module_Loaded_205959.png
2026-05-21 21:00:00,525 - INFO - Opening query selection widget and inputting location details: Bali
2026-05-21 21:00:08,928 - INFO - Successfully selected destination choice parameter option for: Bali
2026-05-21 21:00:08,938 - INFO - Pinning check-in calendar grid coordinates target date: May 27, 2026
2026-05-21 21:00:10,147 - INFO - Pinning check-out calendar grid coordinates target date: May 30, 2026
2026-05-21 21:00:11,539 - INFO - Screenshot successfully logged onto target path reference location: C:\Users\DELL\OneDrive\Desktop\wipro capstone\Makemytrip\screenshots\Calendar_Dates_Selected_210011.png
2026-05-21 21:00:11,541 - INFO - Validating guest matrix dimensions drawer and applying selection states...
2026-05-21 21:00:12,625 - INFO - Submitting query information criteria parameters to initialize compilation workflow execution...
2026-05-21 21:00:16,193 - INFO - Captured current address path query parameters string: https://www.makemytrip.com/hotels/hotel-listing/?checkin=05272026&city=CTBAL9d5bd6c3&checkout=05302026&roomStayQualifier=2e0e&locusId=CTBAL9d5bd6c3&country=IDN&locusType=city&searchText=Bali&regionNearByExp=3&rsc=1e2e0e
2026-05-21 21:00:16,298 - INFO - Screenshot successfully logged onto target path reference location: C:\Users\DELL\OneDrive\Desktop\wipro capstone\Makemytrip\screenshots\Search_Submission_200_OK_State_210016.png
2026-05-21 21:00:16,299 - INFO - Executing URL direct-load escape bypass sequence to dodge direct raw API rendering faults...
2026-05-21 21:00:32,350 - INFO - ======================= STARTING PHASE 2 FILTER & BOOKING FLOW =======================
2026-05-21 21:00:39,412 - INFO - Applying 5-Star hotel results modifier...
2026-05-21 21:01:01,580 - INFO - Selecting primary top-listed hotel choice card...
2026-05-21 21:01:13,533 - ERROR - TEST FAILED - CAPTURING SCREENSHOT
2026-05-21 21:01:14,889 - INFO - SCREENSHOT SAVED : reports/screenshots/test_navigate_to_hotels_module[data_set4]_FAIL_20260521_210113.png
2026-05-21 21:01:14,993 - INFO - ========== CLOSING TEST ==========
2026-05-21 21:01:17,862 - INFO - BROWSER CLOSED SUCCESSFULLY
2026-05-21 21:01:17,874 - INFO - ========== STARTING TEST ==========
2026-05-21 21:01:22,716 - INFO - OPENING MAKEMYTRIP WEBSITE
2026-05-21 21:01:31,425 - INFO - CURRENT URL: https://www.makemytrip.com/hotels/
2026-05-21 21:01:31,430 - INFO - ======================= STARTING PHASE 1 HOMEPAGE FLOW =======================
2026-05-21 21:01:36,609 - INFO - Checking for the presence of the authentication intercept overlay frame...
2026-05-21 21:01:55,705 - INFO - Navigating explicitly into the MakeMyTrip Hotels workspace panel module...
2026-05-21 21:02:11,956 - ERROR - TEST FAILED - CAPTURING SCREENSHOT
2026-05-21 21:02:12,076 - INFO - SCREENSHOT SAVED : reports/screenshots/test_navigate_to_hotels_module[data_set5]_FAIL_20260521_210211.png
2026-05-21 21:02:12,086 - INFO - ========== CLOSING TEST ==========
2026-05-21 21:02:15,529 - INFO - BROWSER CLOSED SUCCESSFULLY
